(function() {
  function hello(name) {
    alert("hello, " + name);
  }
})();
