function up() {
  goUp();
}
function down() {
  goDown();
}
