"isn't it neat that spaces are allowed in keys?";
