function one() { return 'one'; }
function two() { return 'two'; }
function three() { return 'three'; }
