def print_lines(lines):
    for line in lines:
        print line
